Archive member included because of file (symbol)

/home/pebble/.pebble-sdk/SDKs/current/sdk-core/pebble/aplite/lib/libpebble.a(tmp7jpKUopebble.o)
                              src/simplicity.c.17.o (accel_data_service_unsubscribe)

Discarded input sections

 .text          0x0000000000000000        0x0 /opt/pebble-sdk-4.5-linux64/arm-cs-tools/bin/../lib/gcc/arm-none-eabi/4.7.2/thumb2/crti.o
 .bss           0x0000000000000000        0x0 /opt/pebble-sdk-4.5-linux64/arm-cs-tools/bin/../lib/gcc/arm-none-eabi/4.7.2/thumb2/crti.o
 .init          0x0000000000000000        0x4 /opt/pebble-sdk-4.5-linux64/arm-cs-tools/bin/../lib/gcc/arm-none-eabi/4.7.2/thumb2/crti.o
 .fini          0x0000000000000000        0x4 /opt/pebble-sdk-4.5-linux64/arm-cs-tools/bin/../lib/gcc/arm-none-eabi/4.7.2/thumb2/crti.o
 .text          0x0000000000000000       0xc8 /opt/pebble-sdk-4.5-linux64/arm-cs-tools/bin/../lib/gcc/arm-none-eabi/4.7.2/thumb2/crtbegin.o
 .bss           0x0000000000000000       0x1c /opt/pebble-sdk-4.5-linux64/arm-cs-tools/bin/../lib/gcc/arm-none-eabi/4.7.2/thumb2/crtbegin.o
 .init_array    0x0000000000000000        0x4 /opt/pebble-sdk-4.5-linux64/arm-cs-tools/bin/../lib/gcc/arm-none-eabi/4.7.2/thumb2/crtbegin.o
 .fini_array    0x0000000000000000        0x4 /opt/pebble-sdk-4.5-linux64/arm-cs-tools/bin/../lib/gcc/arm-none-eabi/4.7.2/thumb2/crtbegin.o
 .eh_frame      0x0000000000000000        0x0 /opt/pebble-sdk-4.5-linux64/arm-cs-tools/bin/../lib/gcc/arm-none-eabi/4.7.2/thumb2/crtbegin.o
 .jcr           0x0000000000000000        0x0 /opt/pebble-sdk-4.5-linux64/arm-cs-tools/bin/../lib/gcc/arm-none-eabi/4.7.2/thumb2/crtbegin.o
 .tm_clone_table
                0x0000000000000000        0x0 /opt/pebble-sdk-4.5-linux64/arm-cs-tools/bin/../lib/gcc/arm-none-eabi/4.7.2/thumb2/crtbegin.o
 .text          0x0000000000000000        0x0 src/calendar.c.17.o
 .bss           0x0000000000000000        0x0 src/calendar.c.17.o
 .text          0x0000000000000000        0x0 src/dummy_data.c.17.o
 .bss           0x0000000000000000        0x0 src/dummy_data.c.17.o
 .text          0x0000000000000000        0x0 src/simplicity.c.17.o
 .bss           0x0000000000000000        0x0 src/simplicity.c.17.o
 .text          0x0000000000000000        0x0 src/timeutils.c.17.o
 .bss           0x0000000000000000        0x0 src/timeutils.c.17.o
 .text.is_date_today
                0x0000000000000000       0x40 src/timeutils.c.17.o
 .rodata.str1.1
                0x0000000000000000        0x6 src/timeutils.c.17.o
 .text          0x0000000000000000        0x0 aplite/appinfo.auto.c.17.o
 .bss           0x0000000000000000        0x0 aplite/appinfo.auto.c.17.o
 .text          0x0000000000000000        0x0 aplite/src/resource_ids.auto.c.17.o
 .bss           0x0000000000000000        0x0 aplite/src/resource_ids.auto.c.17.o
 .data.RESOURCE_ID_ENTRY_5
                0x0000000000000000        0x4 aplite/src/resource_ids.auto.c.17.o
 .data.RESOURCE_ID_IMAGE_STATUS_1
                0x0000000000000000        0x4 aplite/src/resource_ids.auto.c.17.o
 .data.RESOURCE_ID_WATCH_BATTERY_ICON
                0x0000000000000000        0x4 aplite/src/resource_ids.auto.c.17.o
 .data.RESOURCE_ID_PEBBLE
                0x0000000000000000        0x4 aplite/src/resource_ids.auto.c.17.o
 .data.RESOURCE_ID_IMAGE_STATUS_2
                0x0000000000000000        0x4 aplite/src/resource_ids.auto.c.17.o
 .data.RESOURCE_ID_FONT_ROBOTO_CONDENSED_21
                0x0000000000000000        0x4 aplite/src/resource_ids.auto.c.17.o
 .data.RESOURCE_ID_PHONE_BATTERY_ICON
                0x0000000000000000        0x4 aplite/src/resource_ids.auto.c.17.o
 .data.RESOURCE_ID_ENTRY_1
                0x0000000000000000        0x4 aplite/src/resource_ids.auto.c.17.o
 .data.RESOURCE_ID_ENTRY_2
                0x0000000000000000        0x4 aplite/src/resource_ids.auto.c.17.o
 .data.RESOURCE_ID_ENTRY_3
                0x0000000000000000        0x4 aplite/src/resource_ids.auto.c.17.o
 .data.RESOURCE_ID_ENTRY_4
                0x0000000000000000        0x4 aplite/src/resource_ids.auto.c.17.o
 .data.RESOURCE_ID_FONT_ROBOTO_BOLD_SUBSET_49
                0x0000000000000000        0x4 aplite/src/resource_ids.auto.c.17.o
 .data.RESOURCE_ID_PHONE_BATTERY_CHARGE_ICON
                0x0000000000000000        0x4 aplite/src/resource_ids.auto.c.17.o
 .data.RESOURCE_ID_WATCH_BATTERY_CHARGE_ICON
                0x0000000000000000        0x4 aplite/src/resource_ids.auto.c.17.o
 .data.RESOURCE_ID_ENTRY_0
                0x0000000000000000        0x4 aplite/src/resource_ids.auto.c.17.o
 .bss           0x0000000000000000        0x0 /home/pebble/.pebble-sdk/SDKs/current/sdk-core/pebble/aplite/lib/libpebble.a(tmp7jpKUopebble.o)
 .text.accel_data_service_subscribe__deprecated
                0x0000000000000000        0xc /home/pebble/.pebble-sdk/SDKs/current/sdk-core/pebble/aplite/lib/libpebble.a(tmp7jpKUopebble.o)
 .text.accel_service_peek
[...]
Memory Configuration

Name             Origin             Length             Attributes
APP              0x0000000000000000 0x0000000000006000 xrw
*default*        0x0000000000000000 0xffffffffffffffff

Linker script and memory map

LOAD /opt/pebble-sdk-4.5-linux64/arm-cs-tools/bin/../lib/gcc/arm-none-eabi/4.7.2/thumb2/crti.o
LOAD /opt/pebble-sdk-4.5-linux64/arm-cs-tools/bin/../lib/gcc/arm-none-eabi/4.7.2/thumb2/crtbegin.o
LOAD src/calendar.c.17.o
LOAD src/dummy_data.c.17.o
LOAD src/simplicity.c.17.o
LOAD src/timeutils.c.17.o
LOAD aplite/appinfo.auto.c.17.o
LOAD aplite/src/resource_ids.auto.c.17.o
LOAD /home/pebble/.pebble-sdk/SDKs/current/sdk-core/pebble/aplite/lib/libpebble.a
START GROUP
LOAD /opt/pebble-sdk-4.5-linux64/arm-cs-tools/bin/../lib/gcc/arm-none-eabi/4.7.2/thumb2/libgcc.a
LOAD /opt/pebble-sdk-4.5-linux64/arm-cs-tools/bin/../lib/gcc/arm-none-eabi/4.7.2/../../../../arm-none-eabi/lib/thumb2/libc.a
END GROUP
LOAD /opt/pebble-sdk-4.5-linux64/arm-cs-tools/bin/../lib/gcc/arm-none-eabi/4.7.2/thumb2/crtend.o
LOAD /opt/pebble-sdk-4.5-linux64/arm-cs-tools/bin/../lib/gcc/arm-none-eabi/4.7.2/thumb2/crtn.o

.header         0x0000000000000000       0x82
 *(.pbl_header)
 .pbl_header    0x0000000000000000       0x82 aplite/appinfo.auto.c.17.o
                0x0000000000000000                __pbl_app_info

.note.gnu.build-id
                0x0000000000000082       0x26
                0x0000000000000082                PROVIDE (BUILD_ID, .)
 *(.note.gnu.build-id)
 *fill*         0x0000000000000082        0x2 
 .note.gnu.build-id
                0x0000000000000084       0x24 linker stubs

.text           0x00000000000000a8     0x1fec
 *(.text)
 .text          0x00000000000000a8       0x14 /home/pebble/.pebble-sdk/SDKs/current/sdk-core/pebble/aplite/lib/libpebble.a(tmp7jpKUopebble.o)
 *(.text.*)
 .text.calendar_request
                0x00000000000000bc       0x48 src/calendar.c.17.o
 .text.clear_config_data
                0x0000000000000104       0x20 src/calendar.c.17.o
 .text.save_config_data
                0x0000000000000124       0x58 src/calendar.c.17.o
                0x0000000000000124                save_config_data
 .text.request_persist_config
                0x000000000000017c       0x24 src/calendar.c.17.o
 .text.read_config_data
                0x00000000000001a0       0x4c src/calendar.c.17.o
                0x00000000000001a0                read_config_data
 .text.get_config_data
                0x00000000000001ec        0xc src/calendar.c.17.o
                0x00000000000001ec                get_config_data
 .text.calendar_init
                0x00000000000001f8       0x14 src/calendar.c.17.o
                0x00000000000001f8                calendar_init
 .text.out_failed_handler
                0x000000000000020c       0x2c src/calendar.c.17.o
                0x000000000000020c                out_failed_handler
 .text.received_message
                0x0000000000000238      0x1fc src/calendar.c.17.o
                0x0000000000000238                received_message
 .text.minute_timer
                0x0000000000000434       0x24 src/calendar.c.17.o
                0x0000000000000434                minute_timer
 .text.second_timer
                0x0000000000000458      0x38c src/calendar.c.17.o
                0x0000000000000458                second_timer
 .text.accel_data_handler
                0x00000000000007e4      0x100 src/calendar.c.17.o
                0x00000000000007e4                accel_data_handler
 .text.battery_state_handler
                0x00000000000008e4       0x2c src/simplicity.c.17.o
 .text.update_clock_display
                0x0000000000000910       0x38 src/simplicity.c.17.o
 .text.window_unload
                0x0000000000000948      0x218 src/simplicity.c.17.o
 .text.pebble_layer_update_callback
                0x0000000000000b60       0x38 src/simplicity.c.17.o
 .text.entry_layer_update_callback
                0x0000000000000b98      0x114 src/simplicity.c.17.o
 .text.line_layer_update_callback
                0x0000000000000cac       0x7c src/simplicity.c.17.o
 .text.update_event_display
                0x0000000000000d28       0xb4 src/simplicity.c.17.o
 .text.clock_animation_stopped
                0x0000000000000ddc       0x88 src/simplicity.c.17.o
 .text.status_layer_update_callback
                0x0000000000000e64       0x74 src/simplicity.c.17.o
 .text.p_battery_layer_update_callback
                0x0000000000000ed8       0xbc src/simplicity.c.17.o
 .text.i_battery_layer_update_callback
                0x0000000000000f94       0xd0 src/simplicity.c.17.o
 .text.animation_stopped
                0x0000000000001064       0x88 src/simplicity.c.17.o
 .text.set_status
                0x00000000000010ec       0x18 src/simplicity.c.17.o
                0x00000000000010ec                set_status
 .text.set_battery
                0x0000000000001104       0x24 src/simplicity.c.17.o
                0x0000000000001104                set_battery
 .text.set_event_display
                0x0000000000001128      0x11c src/simplicity.c.17.o
                0x0000000000001128                set_event_display
 .text.set_screen_inverse_setting
                0x0000000000001244       0x28 src/simplicity.c.17.o
                0x0000000000001244                set_screen_inverse_setting
 .text.window_load
                0x000000000000126c      0x518 src/simplicity.c.17.o
 .text.date_update
                0x0000000000001784       0xc8 src/simplicity.c.17.o
                0x0000000000001784                date_update
 .text.handle_second_tick
                0x000000000000184c       0xf4 src/simplicity.c.17.o
 .text.startup.main
                0x0000000000001940       0xd4 src/simplicity.c.17.o
                0x0000000000001940                main
 .text.is_leap_year
                0x0000000000001a14       0x2e src/timeutils.c.17.o
                0x0000000000001a14                is_leap_year
 *fill*         0x0000000000001a42        0x2 
 .text.time_plus_day
                0x0000000000001a44       0x90 src/timeutils.c.17.o
                0x0000000000001a44                time_plus_day
 .text.a_to_i   0x0000000000001ad4       0x22 src/timeutils.c.17.o
                0x0000000000001ad4                a_to_i
 *fill*         0x0000000000001af6        0x2 
 .text.accel_data_service_unsubscribe
                0x0000000000001af8        0xc /home/pebble/.pebble-sdk/SDKs/current/sdk-core/pebble/aplite/lib/libpebble.a(tmp7jpKUopebble.o)
                0x0000000000001af8                accel_data_service_unsubscribe
 .text.accel_service_set_sampling_rate
                0x0000000000001b04        0xc /home/pebble/.pebble-sdk/SDKs/current/sdk-core/pebble/aplite/lib/libpebble.a(tmp7jpKUopebble.o)
                0x0000000000001b04                accel_service_set_sampling_rate
 .text.app_event_loop
                0x0000000000001b10        0xc /home/pebble/.pebble-sdk/SDKs/current/sdk-core/pebble/aplite/lib/libpebble.a(tmp7jpKUopebble.o)
                0x0000000000001b10                app_event_loop
 .text.app_log  0x0000000000001b1c        0xc /home/pebble/.pebble-sdk/SDKs/current/sdk-core/pebble/aplite/lib/libpebble.a(tmp7jpKUopebble.o)
                0x0000000000001b1c                app_log
 .text.app_message_deregister_callbacks
                0x0000000000001b28        0xc /home/pebble/.pebble-sdk/SDKs/current/sdk-core/pebble/aplite/lib/libpebble.a(tmp7jpKUopebble.o)
                0x0000000000001b28                app_message_deregister_callbacks
 .text.app_message_open
                0x0000000000001b34        0xc /home/pebble/.pebble-sdk/SDKs/current/sdk-core/pebble/aplite/lib/libpebble.a(tmp7jpKUopebble.o)
                0x0000000000001b34                app_message_open
 .text.app_timer_register
                0x0000000000001b40        0xc /home/pebble/.pebble-sdk/SDKs/current/sdk-core/pebble/aplite/lib/libpebble.a(tmp7jpKUopebble.o)
                0x0000000000001b40                app_timer_register
 .text.battery_state_service_peek
                0x0000000000001b4c        0xc /home/pebble/.pebble-sdk/SDKs/current/sdk-core/pebble/aplite/lib/libpebble.a(tmp7jpKUopebble.o)
                0x0000000000001b4c                battery_state_service_peek
 .text.battery_state_service_subscribe
                0x0000000000001b58        0xc /home/pebble/.pebble-sdk/SDKs/current/sdk-core/pebble/aplite/lib/libpebble.a(tmp7jpKUopebble.o)
                0x0000000000001b58                battery_state_service_subscribe
 .text.battery_state_service_unsubscribe
                0x0000000000001b64        0xc /home/pebble/.pebble-sdk/SDKs/current/sdk-core/pebble/aplite/lib/libpebble.a(tmp7jpKUopebble.o)
                0x0000000000001b64                battery_state_service_unsubscribe
 .text.bluetooth_connection_service_peek
                0x0000000000001b70        0xc /home/pebble/.pebble-sdk/SDKs/current/sdk-core/pebble/aplite/lib/libpebble.a(tmp7jpKUopebble.o)
                0x0000000000001b70                bluetooth_connection_service_peek
 .text.clock_copy_time_string
                0x0000000000001b7c        0xc /home/pebble/.pebble-sdk/SDKs/current/sdk-core/pebble/aplite/lib/libpebble.a(tmp7jpKUopebble.o)
                0x0000000000001b7c                clock_copy_time_string
 .text.clock_is_24h_style
                0x0000000000001b88        0xc /home/pebble/.pebble-sdk/SDKs/current/sdk-core/pebble/aplite/lib/libpebble.a(tmp7jpKUopebble.o)
                0x0000000000001b88                clock_is_24h_style
 .text.dict_find
                0x0000000000001b94        0xc /home/pebble/.pebble-sdk/SDKs/current/sdk-core/pebble/aplite/lib/libpebble.a(tmp7jpKUopebble.o)
                0x0000000000001b94                dict_find
 .text.dict_write_end
                0x0000000000001ba0        0xc /home/pebble/.pebble-sdk/SDKs/current/sdk-core/pebble/aplite/lib/libpebble.a(tmp7jpKUopebble.o)
                0x0000000000001ba0                dict_write_end
 .text.dict_write_int8
                0x0000000000001bac        0xc /home/pebble/.pebble-sdk/SDKs/current/sdk-core/pebble/aplite/lib/libpebble.a(tmp7jpKUopebble.o)
                0x0000000000001bac                dict_write_int8
 .text.dict_write_uint8
                0x0000000000001bb8        0xc /home/pebble/.pebble-sdk/SDKs/current/sdk-core/pebble/aplite/lib/libpebble.a(tmp7jpKUopebble.o)
                0x0000000000001bb8                dict_write_uint8
 .text.fonts_get_system_font
                0x0000000000001bc4        0xc /home/pebble/.pebble-sdk/SDKs/current/sdk-core/pebble/aplite/lib/libpebble.a(tmp7jpKUopebble.o)
                0x0000000000001bc4                fonts_get_system_font
 .text.fonts_load_custom_font
                0x0000000000001bd0        0xc /home/pebble/.pebble-sdk/SDKs/current/sdk-core/pebble/aplite/lib/libpebble.a(tmp7jpKUopebble.o)
                0x0000000000001bd0                fonts_load_custom_font
 .text.gbitmap_create_with_resource
                0x0000000000001bdc        0xc /home/pebble/.pebble-sdk/SDKs/current/sdk-core/pebble/aplite/lib/libpebble.a(tmp7jpKUopebble.o)
                0x0000000000001bdc                gbitmap_create_with_resource
 .text.gbitmap_destroy
                0x0000000000001be8        0xc /home/pebble/.pebble-sdk/SDKs/current/sdk-core/pebble/aplite/lib/libpebble.a(tmp7jpKUopebble.o)
                0x0000000000001be8                gbitmap_destroy
 .text.graphics_context_set_compositing_mode
                0x0000000000001bf4        0xc /home/pebble/.pebble-sdk/SDKs/current/sdk-core/pebble/aplite/lib/libpebble.a(tmp7jpKUopebble.o)
                0x0000000000001bf4                graphics_context_set_compositing_mode
 .text.graphics_draw_bitmap_in_rect
                0x0000000000001c00        0xc /home/pebble/.pebble-sdk/SDKs/current/sdk-core/pebble/aplite/lib/libpebble.a(tmp7jpKUopebble.o)
                0x0000000000001c00                graphics_draw_bitmap_in_rect
 .text.graphics_draw_line
                0x0000000000001c0c        0xc /home/pebble/.pebble-sdk/SDKs/current/sdk-core/pebble/aplite/lib/libpebble.a(tmp7jpKUopebble.o)
                0x0000000000001c0c                graphics_draw_line
 .text.graphics_fill_rect
                0x0000000000001c18        0xc /home/pebble/.pebble-sdk/SDKs/current/sdk-core/pebble/aplite/lib/libpebble.a(tmp7jpKUopebble.o)
                0x0000000000001c18                graphics_fill_rect
 .text.layer_add_child
                0x0000000000001c24        0xc /home/pebble/.pebble-sdk/SDKs/current/sdk-core/pebble/aplite/lib/libpebble.a(tmp7jpKUopebble.o)
                0x0000000000001c24                layer_add_child
 .text.layer_create
                0x0000000000001c30        0xc /home/pebble/.pebble-sdk/SDKs/current/sdk-core/pebble/aplite/lib/libpebble.a(tmp7jpKUopebble.o)
                0x0000000000001c30                layer_create
 .text.layer_destroy
                0x0000000000001c3c        0xc /home/pebble/.pebble-sdk/SDKs/current/sdk-core/pebble/aplite/lib/libpebble.a(tmp7jpKUopebble.o)
                0x0000000000001c3c                layer_destroy
 .text.layer_get_data
                0x0000000000001c48        0xc /home/pebble/.pebble-sdk/SDKs/current/sdk-core/pebble/aplite/lib/libpebble.a(tmp7jpKUopebble.o)
                0x0000000000001c48                layer_get_data
 .text.layer_mark_dirty
                0x0000000000001c54        0xc /home/pebble/.pebble-sdk/SDKs/current/sdk-core/pebble/aplite/lib/libpebble.a(tmp7jpKUopebble.o)
                0x0000000000001c54                layer_mark_dirty
 .text.layer_set_hidden
                0x0000000000001c60        0xc /home/pebble/.pebble-sdk/SDKs/current/sdk-core/pebble/aplite/lib/libpebble.a(tmp7jpKUopebble.o)
                0x0000000000001c60                layer_set_hidden
 .text.layer_set_update_proc
                0x0000000000001c6c        0xc /home/pebble/.pebble-sdk/SDKs/current/sdk-core/pebble/aplite/lib/libpebble.a(tmp7jpKUopebble.o)
                0x0000000000001c6c                layer_set_update_proc
 .text.memcpy   0x0000000000001c78        0xc /home/pebble/.pebble-sdk/SDKs/current/sdk-core/pebble/aplite/lib/libpebble.a(tmp7jpKUopebble.o)
                0x0000000000001c78                memcpy
 .text.memset   0x0000000000001c84        0xc /home/pebble/.pebble-sdk/SDKs/current/sdk-core/pebble/aplite/lib/libpebble.a(tmp7jpKUopebble.o)
                0x0000000000001c84                memset
 .text.persist_exists
                0x0000000000001c90        0xc /home/pebble/.pebble-sdk/SDKs/current/sdk-core/pebble/aplite/lib/libpebble.a(tmp7jpKUopebble.o)
                0x0000000000001c90                persist_exists
 .text.resource_get_handle
                0x0000000000001c9c        0xc /home/pebble/.pebble-sdk/SDKs/current/sdk-core/pebble/aplite/lib/libpebble.a(tmp7jpKUopebble.o)
                0x0000000000001c9c                resource_get_handle
 .text.snprintf
                0x0000000000001ca8        0xc /home/pebble/.pebble-sdk/SDKs/current/sdk-core/pebble/aplite/lib/libpebble.a(tmp7jpKUopebble.o)
                0x0000000000001ca8                snprintf
 .text.strcpy   0x0000000000001cb4        0xc /home/pebble/.pebble-sdk/SDKs/current/sdk-core/pebble/aplite/lib/libpebble.a(tmp7jpKUopebble.o)
                0x0000000000001cb4                strcpy
 .text.strftime
                0x0000000000001cc0        0xc /home/pebble/.pebble-sdk/SDKs/current/sdk-core/pebble/aplite/lib/libpebble.a(tmp7jpKUopebble.o)
                0x0000000000001cc0                strftime
 .text.strncat  0x0000000000001ccc        0xc /home/pebble/.pebble-sdk/SDKs/current/sdk-core/pebble/aplite/lib/libpebble.a(tmp7jpKUopebble.o)
                0x0000000000001ccc                strncat
 .text.strncmp  0x0000000000001cd8        0xc /home/pebble/.pebble-sdk/SDKs/current/sdk-core/pebble/aplite/lib/libpebble.a(tmp7jpKUopebble.o)
                0x0000000000001cd8                strncmp
 .text.strncpy  0x0000000000001ce4        0xc /home/pebble/.pebble-sdk/SDKs/current/sdk-core/pebble/aplite/lib/libpebble.a(tmp7jpKUopebble.o)
                0x0000000000001ce4                strncpy
 .text.tick_timer_service_subscribe
                0x0000000000001cf0        0xc /home/pebble/.pebble-sdk/SDKs/current/sdk-core/pebble/aplite/lib/libpebble.a(tmp7jpKUopebble.o)
                0x0000000000001cf0                tick_timer_service_subscribe
 .text.tick_timer_service_unsubscribe
                0x0000000000001cfc        0xc /home/pebble/.pebble-sdk/SDKs/current/sdk-core/pebble/aplite/lib/libpebble.a(tmp7jpKUopebble.o)
                0x0000000000001cfc                tick_timer_service_unsubscribe
 .text.window_create
                0x0000000000001d08        0xc /home/pebble/.pebble-sdk/SDKs/current/sdk-core/pebble/aplite/lib/libpebble.a(tmp7jpKUopebble.o)
                0x0000000000001d08                window_create
 .text.window_get_root_layer
                0x0000000000001d14        0xc /home/pebble/.pebble-sdk/SDKs/current/sdk-core/pebble/aplite/lib/libpebble.a(tmp7jpKUopebble.o)
                0x0000000000001d14                window_get_root_layer
 .text.window_set_window_handlers
                0x0000000000001d20        0xc /home/pebble/.pebble-sdk/SDKs/current/sdk-core/pebble/aplite/lib/libpebble.a(tmp7jpKUopebble.o)
                0x0000000000001d20                window_set_window_handlers
 .text.window_stack_push
                0x0000000000001d2c        0xc /home/pebble/.pebble-sdk/SDKs/current/sdk-core/pebble/aplite/lib/libpebble.a(tmp7jpKUopebble.o)
                0x0000000000001d2c                window_stack_push
 .text.app_message_inbox_size_maximum
                0x0000000000001d38        0xc /home/pebble/.pebble-sdk/SDKs/current/sdk-core/pebble/aplite/lib/libpebble.a(tmp7jpKUopebble.o)
                0x0000000000001d38                app_message_inbox_size_maximum
 .text.app_message_outbox_begin
                0x0000000000001d44        0xc /home/pebble/.pebble-sdk/SDKs/current/sdk-core/pebble/aplite/lib/libpebble.a(tmp7jpKUopebble.o)
                0x0000000000001d44                app_message_outbox_begin
 .text.app_message_outbox_send
                0x0000000000001d50        0xc /home/pebble/.pebble-sdk/SDKs/current/sdk-core/pebble/aplite/lib/libpebble.a(tmp7jpKUopebble.o)
                0x0000000000001d50                app_message_outbox_send
 .text.app_message_outbox_size_maximum
                0x0000000000001d5c        0xc /home/pebble/.pebble-sdk/SDKs/current/sdk-core/pebble/aplite/lib/libpebble.a(tmp7jpKUopebble.o)
                0x0000000000001d5c                app_message_outbox_size_maximum
 .text.app_message_register_inbox_received
                0x0000000000001d68        0xc /home/pebble/.pebble-sdk/SDKs/current/sdk-core/pebble/aplite/lib/libpebble.a(tmp7jpKUopebble.o)
                0x0000000000001d68                app_message_register_inbox_received
 .text.app_message_register_outbox_failed
                0x0000000000001d74        0xc /home/pebble/.pebble-sdk/SDKs/current/sdk-core/pebble/aplite/lib/libpebble.a(tmp7jpKUopebble.o)
                0x0000000000001d74                app_message_register_outbox_failed
 .text.persist_read_data
                0x0000000000001d80        0xc /home/pebble/.pebble-sdk/SDKs/current/sdk-core/pebble/aplite/lib/libpebble.a(tmp7jpKUopebble.o)
                0x0000000000001d80                persist_read_data
 .text.persist_write_data
                0x0000000000001d8c        0xc /home/pebble/.pebble-sdk/SDKs/current/sdk-core/pebble/aplite/lib/libpebble.a(tmp7jpKUopebble.o)
                0x0000000000001d8c                persist_write_data
 .text.accel_data_service_subscribe
                0x0000000000001d98        0xc /home/pebble/.pebble-sdk/SDKs/current/sdk-core/pebble/aplite/lib/libpebble.a(tmp7jpKUopebble.o)
                0x0000000000001d98                accel_data_service_subscribe
 .text.graphics_context_set_fill_color
                0x0000000000001da4        0xc /home/pebble/.pebble-sdk/SDKs/current/sdk-core/pebble/aplite/lib/libpebble.a(tmp7jpKUopebble.o)
                0x0000000000001da4                graphics_context_set_fill_color
 .text.graphics_context_set_stroke_color
                0x0000000000001db0        0xc /home/pebble/.pebble-sdk/SDKs/current/sdk-core/pebble/aplite/lib/libpebble.a(tmp7jpKUopebble.o)
                0x0000000000001db0                graphics_context_set_stroke_color
 .text.window_set_background_color
                0x0000000000001dbc        0xc /home/pebble/.pebble-sdk/SDKs/current/sdk-core/pebble/aplite/lib/libpebble.a(tmp7jpKUopebble.o)
                0x0000000000001dbc                window_set_background_color
 .text.localtime
                0x0000000000001dc8        0xc /home/pebble/.pebble-sdk/SDKs/current/sdk-core/pebble/aplite/lib/libpebble.a(tmp7jpKUopebble.o)
                0x0000000000001dc8                localtime
 .text.animation_is_scheduled
                0x0000000000001dd4        0xc /home/pebble/.pebble-sdk/SDKs/current/sdk-core/pebble/aplite/lib/libpebble.a(tmp7jpKUopebble.o)
                0x0000000000001dd4                animation_is_scheduled
 .text.animation_schedule
                0x0000000000001de0        0xc /home/pebble/.pebble-sdk/SDKs/current/sdk-core/pebble/aplite/lib/libpebble.a(tmp7jpKUopebble.o)
                0x0000000000001de0                animation_schedule
 .text.animation_set_curve
                0x0000000000001dec        0xc /home/pebble/.pebble-sdk/SDKs/current/sdk-core/pebble/aplite/lib/libpebble.a(tmp7jpKUopebble.o)
                0x0000000000001dec                animation_set_curve
 .text.animation_set_duration
                0x0000000000001df8        0xc /home/pebble/.pebble-sdk/SDKs/current/sdk-core/pebble/aplite/lib/libpebble.a(tmp7jpKUopebble.o)
                0x0000000000001df8                animation_set_duration
 .text.animation_set_handlers
                0x0000000000001e04        0xc /home/pebble/.pebble-sdk/SDKs/current/sdk-core/pebble/aplite/lib/libpebble.a(tmp7jpKUopebble.o)
                0x0000000000001e04                animation_set_handlers
 .text.animation_unschedule
                0x0000000000001e10        0xc /home/pebble/.pebble-sdk/SDKs/current/sdk-core/pebble/aplite/lib/libpebble.a(tmp7jpKUopebble.o)
                0x0000000000001e10                animation_unschedule
 .text.property_animation_create_layer_frame
                0x0000000000001e1c        0xc /home/pebble/.pebble-sdk/SDKs/current/sdk-core/pebble/aplite/lib/libpebble.a(tmp7jpKUopebble.o)
                0x0000000000001e1c                property_animation_create_layer_frame
 .text.property_animation_destroy
                0x0000000000001e28        0xc /home/pebble/.pebble-sdk/SDKs/current/sdk-core/pebble/aplite/lib/libpebble.a(tmp7jpKUopebble.o)
                0x0000000000001e28                property_animation_destroy
 .text.text_layer_create
                0x0000000000001e34        0xc /home/pebble/.pebble-sdk/SDKs/current/sdk-core/pebble/aplite/lib/libpebble.a(tmp7jpKUopebble.o)
                0x0000000000001e34                text_layer_create
 .text.text_layer_destroy
                0x0000000000001e40        0xc /home/pebble/.pebble-sdk/SDKs/current/sdk-core/pebble/aplite/lib/libpebble.a(tmp7jpKUopebble.o)
                0x0000000000001e40                text_layer_destroy
 .text.text_layer_get_layer
                0x0000000000001e4c        0xc /home/pebble/.pebble-sdk/SDKs/current/sdk-core/pebble/aplite/lib/libpebble.a(tmp7jpKUopebble.o)
                0x0000000000001e4c                text_layer_get_layer
 .text.text_layer_set_background_color
                0x0000000000001e58        0xc /home/pebble/.pebble-sdk/SDKs/current/sdk-core/pebble/aplite/lib/libpebble.a(tmp7jpKUopebble.o)
                0x0000000000001e58                text_layer_set_background_color
 .text.text_layer_set_font
                0x0000000000001e64        0xc /home/pebble/.pebble-sdk/SDKs/current/sdk-core/pebble/aplite/lib/libpebble.a(tmp7jpKUopebble.o)
                0x0000000000001e64                text_layer_set_font
 .text.text_layer_set_text
                0x0000000000001e70        0xc /home/pebble/.pebble-sdk/SDKs/current/sdk-core/pebble/aplite/lib/libpebble.a(tmp7jpKUopebble.o)
                0x0000000000001e70                text_layer_set_text
 .text.text_layer_set_text_alignment
                0x0000000000001e7c        0xc /home/pebble/.pebble-sdk/SDKs/current/sdk-core/pebble/aplite/lib/libpebble.a(tmp7jpKUopebble.o)
                0x0000000000001e7c                text_layer_set_text_alignment
 .text.text_layer_set_text_color
                0x0000000000001e88        0xc /home/pebble/.pebble-sdk/SDKs/current/sdk-core/pebble/aplite/lib/libpebble.a(tmp7jpKUopebble.o)
                0x0000000000001e88                text_layer_set_text_color
 .text.time     0x0000000000001e94        0xc /home/pebble/.pebble-sdk/SDKs/current/sdk-core/pebble/aplite/lib/libpebble.a(tmp7jpKUopebble.o)
                0x0000000000001e94                time
 *(.rodata)
 .rodata        0x0000000000001ea0       0xb8 src/simplicity.c.17.o
 .rodata        0x0000000000001f58       0x30 src/timeutils.c.17.o
 *(.rodata*)
 .rodata.str1.1
                0x0000000000001f88       0xc2 src/calendar.c.17.o
                                         0xc3 (size before relaxing)
 .rodata.str1.1
                0x000000000000204a       0x4a src/simplicity.c.17.o
                                         0x54 (size before relaxing)

.glue_7         0x0000000000002094        0x0
 .glue_7        0x0000000000000000        0x0 linker stubs

.glue_7t        0x0000000000002094        0x0
 .glue_7t       0x0000000000000000        0x0 linker stubs

.vfp11_veneer   0x0000000000002094        0x0
 .vfp11_veneer  0x0000000000000000        0x0 linker stubs

.v4_bx          0x0000000000002094        0x0
 .v4_bx         0x0000000000000000        0x0 linker stubs

.iplt           0x0000000000002094        0x0
 .iplt          0x0000000000000000        0x0 /opt/pebble-sdk-4.5-linux64/arm-cs-tools/bin/../lib/gcc/arm-none-eabi/4.7.2/thumb2/crtbegin.o

.rel.dyn        0x0000000000002094        0x0
 .rel.iplt      0x0000000000000000        0x0 /opt/pebble-sdk-4.5-linux64/arm-cs-tools/bin/../lib/gcc/arm-none-eabi/4.7.2/thumb2/crtbegin.o
 .rel.got       0x0000000000000000        0x0 /opt/pebble-sdk-4.5-linux64/arm-cs-tools/bin/../lib/gcc/arm-none-eabi/4.7.2/thumb2/crtbegin.o

.data           0x0000000000002094       0x12
 *(.data)
 .data          0x0000000000002094        0x0 /opt/pebble-sdk-4.5-linux64/arm-cs-tools/bin/../lib/gcc/arm-none-eabi/4.7.2/thumb2/crti.o
 .data          0x0000000000002094        0x4 /opt/pebble-sdk-4.5-linux64/arm-cs-tools/bin/../lib/gcc/arm-none-eabi/4.7.2/thumb2/crtbegin.o
                0x0000000000002094                __dso_handle
 .data          0x0000000000002098        0x0 src/calendar.c.17.o
 .data          0x0000000000002098        0x0 src/dummy_data.c.17.o
 .data          0x0000000000002098        0x0 src/simplicity.c.17.o
 .data          0x0000000000002098        0x0 src/timeutils.c.17.o
 .data          0x0000000000002098        0x0 aplite/appinfo.auto.c.17.o
 .data          0x0000000000002098        0x0 aplite/src/resource_ids.auto.c.17.o
 .data          0x0000000000002098        0x0 /home/pebble/.pebble-sdk/SDKs/current/sdk-core/pebble/aplite/lib/libpebble.a(tmp7jpKUopebble.o)
 .data          0x0000000000002098        0x0 /opt/pebble-sdk-4.5-linux64/arm-cs-tools/bin/../lib/gcc/arm-none-eabi/4.7.2/thumb2/crtend.o
 .data          0x0000000000002098        0x0 /opt/pebble-sdk-4.5-linux64/arm-cs-tools/bin/../lib/gcc/arm-none-eabi/4.7.2/thumb2/crtn.o
 *(.data.*)
 .data.rotate_change
                0x0000000000002098        0x1 src/calendar.c.17.o
 .data.g_first_time
                0x0000000000002099        0x1 src/calendar.c.17.o
 .data.initial_state
                0x000000000000209a        0x1 src/calendar.c.17.o
 *fill*         0x000000000000209b        0x1 
 .data.g_last_tm_mday
                0x000000000000209c        0x4 src/calendar.c.17.o
 .data.g_last_tm_mday_date
                0x00000000000020a0        0x4 src/simplicity.c.17.o
 .data.first_tick
                0x00000000000020a4        0x1 src/simplicity.c.17.o
 .data.g_static_level
                0x00000000000020a5        0x1 src/simplicity.c.17.o

.igot.plt       0x00000000000020a8        0x0
 .igot.plt      0x0000000000000000        0x0 /opt/pebble-sdk-4.5-linux64/arm-cs-tools/bin/../lib/gcc/arm-none-eabi/4.7.2/thumb2/crtbegin.o

.got            0x00000000000020a8        0xc
 .got           0x00000000000020a8        0xc /opt/pebble-sdk-4.5-linux64/arm-cs-tools/bin/../lib/gcc/arm-none-eabi/4.7.2/thumb2/crtbegin.o

.got.plt        0x00000000000020b4        0xc
 .got.plt       0x00000000000020b4        0xc /opt/pebble-sdk-4.5-linux64/arm-cs-tools/bin/../lib/gcc/arm-none-eabi/4.7.2/thumb2/crtbegin.o
                0x00000000000020b4                _GLOBAL_OFFSET_TABLE_

.bss            0x00000000000020c0      0xa28
 *(.bss)
 *(.bss.*)
 .bss.g_close   0x00000000000020c0       0x70 src/calendar.c.17.o
 .bss.g_received_rows
                0x0000000000002130        0x1 src/calendar.c.17.o
 .bss.g_entry_no
                0x0000000000002131        0x1 src/calendar.c.17.o
 .bss.config_data
                0x0000000000002132        0x5 src/calendar.c.17.o
 .bss.rotate_tick
                0x0000000000002137        0x1 src/calendar.c.17.o
 .bss.calendar_refresh_queued
                0x0000000000002138        0x1 src/calendar.c.17.o
 *fill*         0x0000000000002139        0x3 
 .bss.g_events  0x000000000000213c      0x618 src/calendar.c.17.o
 .bss.g_count   0x0000000000002754        0x1 src/calendar.c.17.o
 .bss.g_max_entries
                0x0000000000002755        0x1 src/calendar.c.17.o
 .bss.g_battery_status
                0x0000000000002756        0x2 src/calendar.c.17.o
 .bss.save_config_requested
                0x0000000000002758        0x1 src/calendar.c.17.o
                0x0000000000002758                save_config_requested
 .bss.g_rot_events
                0x0000000000002759      0x20d src/calendar.c.17.o
 .bss.g_time_text
                0x0000000000002966        0x6 src/simplicity.c.17.o
 .bss.icon_status_1
                0x000000000000296c        0x4 src/simplicity.c.17.o
 .bss.icon_status_2
                0x0000000000002970        0x4 src/simplicity.c.17.o
 .bss.window    0x0000000000002974        0x4 src/simplicity.c.17.o
 .bss.g_static_color
                0x0000000000002978        0x1 src/simplicity.c.17.o
 .bss.g_disp_event_start_date_static
                0x0000000000002979       0x12 src/simplicity.c.17.o
 *fill*         0x000000000000298b        0x1 
 .bss.text_event_start_date_layer
                0x000000000000298c        0x4 src/simplicity.c.17.o
 .bss.g_event_title_static
                0x0000000000002990       0x2a src/simplicity.c.17.o
 *fill*         0x00000000000029ba        0x2 
 .bss.time_layer
                0x00000000000029bc        0x4 src/simplicity.c.17.o
 .bss.text_date_layer
                0x00000000000029c0        0x4 src/simplicity.c.17.o
 .bss.icon_watch_battery
                0x00000000000029c4        0x4 src/simplicity.c.17.o
 .bss.clock_animation_in
                0x00000000000029c8        0x4 src/simplicity.c.17.o
 .bss.icon_pebble
                0x00000000000029cc        0x4 src/simplicity.c.17.o
 .bss.g_static_entry_no
                0x00000000000029d0        0x4 src/simplicity.c.17.o
 .bss.text_event_location_layer
                0x00000000000029d4        0x4 src/simplicity.c.17.o
 .bss.text_time_layer
                0x00000000000029d8        0x4 src/simplicity.c.17.o
 .bss.icon_phone_battery
                0x00000000000029dc        0x4 src/simplicity.c.17.o
 .bss.pebble_layer
                0x00000000000029e0        0x4 src/simplicity.c.17.o
 .bss.g_status_display
                0x00000000000029e4        0x4 src/simplicity.c.17.o
 .bss.icon_entry_2
                0x00000000000029e8        0x4 src/simplicity.c.17.o
 .bss.icon_entry_3
                0x00000000000029ec        0x4 src/simplicity.c.17.o
 .bss.entry_layer
                0x00000000000029f0        0x4 src/simplicity.c.17.o
 .bss.clock_animation_out
                0x00000000000029f4        0x4 src/simplicity.c.17.o
 .bss.g_static_state
                0x00000000000029f8        0x1 src/simplicity.c.17.o
 *fill*         0x00000000000029f9        0x3 
 .bss.i_battery_layer
                0x00000000000029fc        0x4 src/simplicity.c.17.o
 .bss.g_disp_event_title_static
                0x0000000000002a00       0x2a src/simplicity.c.17.o
 *fill*         0x0000000000002a2a        0x2 
 .bss.status_layer
                0x0000000000002a2c        0x4 src/simplicity.c.17.o
 .bss.prop_animation_in
                0x0000000000002a30        0x4 src/simplicity.c.17.o
 .bss.icon_watch_battery_charge
                0x0000000000002a34        0x4 src/simplicity.c.17.o
 .bss.g_disp_static_entry_no
                0x0000000000002a38        0x4 src/simplicity.c.17.o
 .bss.full_inverse_layer
                0x0000000000002a3c        0x4 src/simplicity.c.17.o
 .bss.battery_level
                0x0000000000002a40        0x1 src/simplicity.c.17.o
 *fill*         0x0000000000002a41        0x3 
 .bss.scroll_layer
                0x0000000000002a44        0x4 src/simplicity.c.17.o
 .bss.p_battery_layer
                0x0000000000002a48        0x4 src/simplicity.c.17.o
 .bss.icon_phone_battery_charge
                0x0000000000002a4c        0x4 src/simplicity.c.17.o
 .bss.icon_entry_0
                0x0000000000002a50        0x4 src/simplicity.c.17.o
 .bss.icon_entry_1
                0x0000000000002a54        0x4 src/simplicity.c.17.o
 .bss.g_location_static
                0x0000000000002a58       0x2a src/simplicity.c.17.o
 *fill*         0x0000000000002a82        0x2 
 .bss.text_event_title_layer
                0x0000000000002a84        0x4 src/simplicity.c.17.o
 .bss.icon_entry_4
                0x0000000000002a88        0x4 src/simplicity.c.17.o
 .bss.icon_entry_5
                0x0000000000002a8c        0x4 src/simplicity.c.17.o
 .bss.prop_animation_out
                0x0000000000002a90        0x4 src/simplicity.c.17.o
 .bss.g_disp_location_static
                0x0000000000002a94       0x2a src/simplicity.c.17.o
 .bss.battery_plugged
                0x0000000000002abe        0x1 src/simplicity.c.17.o
 *fill*         0x0000000000002abf        0x1 
 .bss.line_layer
                0x0000000000002ac0        0x4 src/simplicity.c.17.o
 .bss.g_date_text
                0x0000000000002ac4       0x11 src/simplicity.c.17.o
 .bss.g_event_start_date_static
                0x0000000000002ad5       0x12 src/simplicity.c.17.o
 .bss.g_disp_static_color
                0x0000000000002ae7        0x1 src/simplicity.c.17.o

DISCARD
 libc.a(*)
 libm.a(*)
 libgcc.a(*)
 *(.eh_frame)
OUTPUT(/pebble/build/aplite/pebble-app.elf elf32-littlearm)

.ARM.attributes
                0x0000000000000000       0x27
 .ARM.attributes
                0x0000000000000000       0x19 /opt/pebble-sdk-4.5-linux64/arm-cs-tools/bin/../lib/gcc/arm-none-eabi/4.7.2/thumb2/crti.o
 .ARM.attributes
                0x0000000000000019       0x29 /opt/pebble-sdk-4.5-linux64/arm-cs-tools/bin/../lib/gcc/arm-none-eabi/4.7.2/thumb2/crtbegin.o
 .ARM.attributes
                0x0000000000000042       0x33 src/calendar.c.17.o
 .ARM.attributes
                0x0000000000000075       0x33 src/dummy_data.c.17.o
 .ARM.attributes
                0x00000000000000a8       0x33 src/simplicity.c.17.o
 .ARM.attributes
                0x00000000000000db       0x33 src/timeutils.c.17.o
 .ARM.attributes
                0x000000000000010e       0x33 aplite/appinfo.auto.c.17.o
 .ARM.attributes
                0x0000000000000141       0x33 aplite/src/resource_ids.auto.c.17.o
 .ARM.attributes
                0x0000000000000174       0x21 /home/pebble/.pebble-sdk/SDKs/current/sdk-core/pebble/aplite/lib/libpebble.a(tmp7jpKUopebble.o)
 .ARM.attributes
                0x0000000000000195       0x29 /opt/pebble-sdk-4.5-linux64/arm-cs-tools/bin/../lib/gcc/arm-none-eabi/4.7.2/thumb2/crtend.o
 .ARM.attributes
                0x00000000000001be       0x19 /opt/pebble-sdk-4.5-linux64/arm-cs-tools/bin/../lib/gcc/arm-none-eabi/4.7.2/thumb2/crtn.o

.comment        0x0000000000000000       0x4e
 .comment       0x0000000000000000       0x4e /opt/pebble-sdk-4.5-linux64/arm-cs-tools/bin/../lib/gcc/arm-none-eabi/4.7.2/thumb2/crtbegin.o
                                         0x4f (size before relaxing)
 .comment       0x0000000000000000       0x4f src/calendar.c.17.o
 .comment       0x0000000000000000       0x4f src/dummy_data.c.17.o
 .comment       0x0000000000000000       0x4f src/simplicity.c.17.o
 .comment       0x0000000000000000       0x4f src/timeutils.c.17.o
 .comment       0x0000000000000000       0x4f aplite/appinfo.auto.c.17.o
 .comment       0x0000000000000000       0x4f aplite/src/resource_ids.auto.c.17.o
 .comment       0x0000000000000000       0x4f /opt/pebble-sdk-4.5-linux64/arm-cs-tools/bin/../lib/gcc/arm-none-eabi/4.7.2/thumb2/crtend.o

.debug_info     0x0000000000000000     0x4d73
 .debug_info    0x0000000000000000     0x1991 src/calendar.c.17.o
 .debug_info    0x0000000000001991       0x79 src/dummy_data.c.17.o
 .debug_info    0x0000000000001a0a     0x2ad5 src/simplicity.c.17.o
 .debug_info    0x00000000000044df      0x3fd src/timeutils.c.17.o
 .debug_info    0x00000000000048dc      0x31a aplite/appinfo.auto.c.17.o
 .debug_info    0x0000000000004bf6      0x17d aplite/src/resource_ids.auto.c.17.o

.debug_abbrev   0x0000000000000000      0xc9c
 .debug_abbrev  0x0000000000000000      0x54f src/calendar.c.17.o
 .debug_abbrev  0x000000000000054f       0x26 src/dummy_data.c.17.o
 .debug_abbrev  0x0000000000000575      0x4ae src/simplicity.c.17.o
 .debug_abbrev  0x0000000000000a23      0x197 src/timeutils.c.17.o
 .debug_abbrev  0x0000000000000bba       0x9e aplite/appinfo.auto.c.17.o
 .debug_abbrev  0x0000000000000c58       0x44 aplite/src/resource_ids.auto.c.17.o

.debug_loc      0x0000000000000000     0x1337
 .debug_loc     0x0000000000000000      0x8b5 src/calendar.c.17.o
 .debug_loc     0x00000000000008b5      0x85d src/simplicity.c.17.o
 .debug_loc     0x0000000000001112      0x225 src/timeutils.c.17.o

.debug_aranges  0x0000000000000000      0x1b0
 .debug_aranges
                0x0000000000000000       0x78 src/calendar.c.17.o
 .debug_aranges
                0x0000000000000078       0x18 src/dummy_data.c.17.o
 .debug_aranges
                0x0000000000000090       0xb8 src/simplicity.c.17.o
 .debug_aranges
                0x0000000000000148       0x38 src/timeutils.c.17.o
 .debug_aranges
                0x0000000000000180       0x18 aplite/appinfo.auto.c.17.o
 .debug_aranges
                0x0000000000000198       0x18 aplite/src/resource_ids.auto.c.17.o

.debug_ranges   0x0000000000000000      0x488
 .debug_ranges  0x0000000000000000      0x360 src/calendar.c.17.o
 .debug_ranges  0x0000000000000360       0xe8 src/simplicity.c.17.o
 .debug_ranges  0x0000000000000448       0x40 src/timeutils.c.17.o

.debug_line     0x0000000000000000      0xe72
 .debug_line    0x0000000000000000      0x4d3 src/calendar.c.17.o
 .debug_line    0x00000000000004d3       0x1d src/dummy_data.c.17.o
 .debug_line    0x00000000000004f0      0x554 src/simplicity.c.17.o
 .debug_line    0x0000000000000a44      0x267 src/timeutils.c.17.o
 .debug_line    0x0000000000000cab      0x10e aplite/appinfo.auto.c.17.o
 .debug_line    0x0000000000000db9       0xb9 aplite/src/resource_ids.auto.c.17.o

.debug_str      0x0000000000000000     0x1cda
 .debug_str     0x0000000000000000      0x94c src/calendar.c.17.o
                                        0xa21 (size before relaxing)
 .debug_str     0x000000000000094c       0x14 src/dummy_data.c.17.o
                                         0xc6 (size before relaxing)
 .debug_str     0x0000000000000960      0xf35 src/simplicity.c.17.o
                                       0x14da (size before relaxing)
 .debug_str     0x0000000000001895       0x5e src/timeutils.c.17.o
                                        0x1bf (size before relaxing)
 .debug_str     0x00000000000018f3      0x231 aplite/appinfo.auto.c.17.o
                                        0x2fc (size before relaxing)
 .debug_str     0x0000000000001b24      0x1b6 aplite/src/resource_ids.auto.c.17.o
                                        0x25d (size before relaxing)

.debug_frame    0x0000000000000000      0x430
 .debug_frame   0x0000000000000000      0x160 src/calendar.c.17.o
 .debug_frame   0x0000000000000160      0x24c src/simplicity.c.17.o
 .debug_frame   0x00000000000003ac       0x84 src/timeutils.c.17.o
